{"ts":"2018-12-26T20:14:27.917Z","level":"error","hostname":"01","msgs":[{"message":"test","stack":"Error: test\n    at startTest (/home/krot47/repos/logger/tests/tests/test-01.js:27:20)\n    at Object.<anonymous> (/home/krot47/repos/logger/tests/test.js:47:5)\n    at Module._compile (module.js:635:30)\n    at loader (/home/krot47/repos/logger/node_modules/babel-register/lib/node.js:144:5)\n    at Object.require.extensions.(anonymous function) [as .js] (/home/krot47/repos/logger/node_modules/babel-register/lib/node.js:154:7)\n    at Module.load (module.js:554:32)\n    at tryModuleLoad (module.js:497:12)\n    at Function.Module._load (module.js:489:3)\n    at Function.Module.runMain (module.js:676:10)\n    at Object.<anonymous> (/home/krot47/repos/logger/node_modules/babel-cli/lib/_babel-node.js:154:22)"}]}
