{"ts":"2018-12-25T13:27:42.446Z","level":"info","hostname":"222","msgs":[{"x":1,"a":{"x":1,"a":{"x":1,"a":{"x":1,"a":{"x":1,"a":{"x":1,"a":"[Object]"}}}}}}]}
{"ts":"2018-12-25T13:27:42.446Z","level":"info","hostname":"222","msgs":[{"a":{"a":{"a":{"a":{"a":{"a":"[Object]"}}}}}}]}
{"ts":"2018-12-25T13:27:42.446Z","level":"info","hostname":"222","msgs":[{"a":{"a":{"a":{"a":{"a":{"a":"[Array]"}}}}}}]}
{"ts":"2018-12-25T13:27:42.447Z","level":"info","hostname":"222","msgs":[{"a":{"a":{"a":{"a":{"a":{"a":"[Function]"}}}}}}]}
{"ts":"2018-12-25T13:27:42.447Z","level":"info","hostname":"222","msgs":[{"a":{"a":{"a":{"a":{"a":{"a":"[NaN]"}}}}}}]}
{"ts":"2018-12-25T13:27:42.447Z","level":"info","hostname":"222","msgs":[{"a":{"a":{"a":{"a":{"a":{"a":"[Undefined]"}}}}}}]}
{"ts":"2018-12-25T13:27:42.447Z","level":"info","hostname":"222","msgs":[{"a":{"a":{"a":{"a":{"a":{"a":null}}}}}}]}
{"ts":"2018-12-25T13:27:42.447Z","level":"info","hostname":"222","msgs":[{"a":{"a":{"a":{"a":{"a":{"a":1}}}}}}]}
{"ts":"2018-12-25T13:27:42.448Z","level":"info","hostname":"222","msgs":[{"a":{"a":{"a":{"a":{"a":{"a":"1"}}}}}}]}
{"ts":"2018-12-25T13:27:42.448Z","level":"info","hostname":"222","msgs":[{"a":{"a":{"a":{"a":{"a":{"a":"2018-12-25T13:27:42.448Z"}}}}}}]}
{"ts":"2018-12-25T13:27:42.451Z","level":"info","hostname":"222","msgs":[{"a":{"a":{"a":{"a":{"a":{"a":{"message":"","stack":"Error\n    at startTest (/home/krot47/repos/logger/tests/tests/test-2.js:46:48)\n    at Object.<anonymous> (/home/krot47/repos/logger/tests/test.js:47:5)\n    at Module._compile (module.js:635:30)\n    at loader (/home/krot47/repos/logger/node_modules/babel-register/lib/node.js:144:5)\n    at Object.require.extensions.(anonymous function) [as .js] (/home/krot47/repos/logger/node_modules/babel-register/lib/node.js:154:7)\n    at Module.load (module.js:554:32)\n    at tryModuleLoad (module.js:497:12)\n    at Function.Module._load (module.js:489:3)\n    at Function.Module.runMain (module.js:676:10)\n    at Object.<anonymous> (/home/krot47/repos/logger/node_modules/babel-cli/lib/_babel-node.js:154:22)"}}}}}}}]}
{"ts":"2018-12-25T13:27:42.452Z","level":"info","hostname":"222","msgs":[[1,[1,[1,[1,[1,[1,"[Array]"]]]]]]]}
{"ts":"2018-12-25T13:27:42.452Z","level":"info","hostname":"222","msgs":[{"a":{"a":{"a":{"a":{"a":"[/a/]"}}}}}]}
{"ts":"2018-12-25T13:27:42.452Z","level":"info","hostname":"222","msgs":[{"a":{"a":{"a":{"a":{"a":"[Symbol(asd)]"}}}}}]}
{"ts":"2018-12-25T13:27:42.453Z","level":"info","hostname":"222","msgs":[{"a":{"a":{"a":{"a":{"a":"[Promise { 'asd' }]"}}}}}]}
