{"ts":"2020-03-12T22:07:43.643Z","level":"info","hostname":"02","msgs":[{"x":1,"_circular":"[true]","a":{"x":1,"_circular":"[true]","a":{"x":1,"_circular":"[true]","a":{"x":1,"_circular":"[true]","a":{"x":1,"_circular":"[true]","a":{"x":1,"_circular":"[true]","a":"[Object]"}}}}}}]}
{"ts":"2020-03-12T22:07:43.645Z","level":"info","hostname":"02","msgs":[{"a":{"a":{"a":{"a":{"a":{"a":"[Object]"}}}}}}]}
{"ts":"2020-03-12T22:07:43.646Z","level":"info","hostname":"02","msgs":[{"a":{"a":{"a":{"a":{"a":{"a":"[Array]"}}}}}}]}
{"ts":"2020-03-12T22:07:43.646Z","level":"info","hostname":"02","msgs":[{"a":{"a":{"a":{"a":{"a":{"a":"[Function]"}}}}}}]}
{"ts":"2020-03-12T22:07:43.646Z","level":"info","hostname":"02","msgs":[{"a":{"a":{"a":{"a":{"a":{"a":"[NaN]"}}}}}}]}
{"ts":"2020-03-12T22:07:43.647Z","level":"info","hostname":"02","msgs":[{"a":{"a":{"a":{"a":{"a":{"a":"[Undefined]"}}}}}}]}
{"ts":"2020-03-12T22:07:43.647Z","level":"info","hostname":"02","msgs":[{"a":{"a":{"a":{"a":{"a":{"a":null}}}}}}]}
{"ts":"2020-03-12T22:07:43.648Z","level":"info","hostname":"02","msgs":[{"a":{"a":{"a":{"a":{"a":{"a":1}}}}}}]}
{"ts":"2020-03-12T22:07:43.648Z","level":"info","hostname":"02","msgs":[{"a":{"a":{"a":{"a":{"a":{"a":"1"}}}}}}]}
{"ts":"2020-03-12T22:07:43.649Z","level":"info","hostname":"02","msgs":[{"a":{"a":{"a":{"a":{"a":{"a":"1970-01-01T00:00:00.000Z"}}}}}}]}
{"ts":"2020-03-12T22:07:43.649Z","level":"info","hostname":"02","msgs":[{"a":{"a":{"a":{"a":{"a":{"a":{"message":"AAA","stack":"[Error: AAA]","_type":"Error"}}}}}}}]}
{"ts":"2020-03-12T22:07:43.651Z","level":"info","hostname":"02","msgs":[[1,[1,[1,[1,[1,[1,"[Array]"]]]]]]]}
{"ts":"2020-03-12T22:07:43.651Z","level":"info","hostname":"02","msgs":[{"a":{"a":{"a":{"a":{"a":"[/a/]"}}}}}]}
{"ts":"2020-03-12T22:07:43.652Z","level":"info","hostname":"02","msgs":[{"a":{"a":{"a":{"a":{"a":"[Symbol(asd)]"}}}}}]}
{"ts":"2020-03-12T22:07:43.653Z","level":"info","hostname":"02","msgs":[{"a":{"a":{"a":{"a":{"a":"[Promise { 'asd' }]"}}}}}]}
